Component: ARM Compiler 5.06 update 6 (build 750) Tool: armlink [4d35ed]

==============================================================================

Section Cross References

    startup.o(RESET) refers to startup.o(STACK) for StackMem
    startup.o(RESET) refers to buttons.o(i.GPIOPortC_Handler) for GPIOPortC_Handler
    startup.o(RESET) refers to uart.o(i.UART0_Handler) for UART0_Handler
    startup.o(RESET) refers to speaker.o(i.Timer0A_Handler) for Timer0A_Handler
    startup.o(RESET) refers to clock.o(i.Timer1A_Handler) for Timer1A_Handler
    startup.o(RESET) refers to timer2.o(i.Timer2A_Handler) for Timer2A_Handler
    startup.o(RESET) refers to buttons.o(i.GPIOPortF_Handler) for GPIOPortF_Handler
    startup.o(RESET) refers to timer3.o(i.Timer3A_Handler) for Timer3A_Handler
    startup.o(RESET) refers to esp8266.o(i.UART5_Handler) for UART5_Handler
    startup.o(RESET) refers to buttons.o(i.Timer4A_Handler) for Timer4A_Handler
    startup.o(RESET) refers to entry.o(.ARM.Collect$$$$00000000) for __main
    uart.o(i.RxFifo_Get) refers to uart.o(.data) for RxPutI
    uart.o(i.RxFifo_Get) refers to uart.o(.bss) for RxFifo
    uart.o(i.RxFifo_Init) refers to startup.o(.text) for StartCritical
    uart.o(i.RxFifo_Init) refers to uart.o(.data) for RxGetI
    uart.o(i.RxFifo_Put) refers to uart.o(.data) for RxPutI
    uart.o(i.RxFifo_Put) refers to uart.o(.bss) for RxFifo
    uart.o(i.RxFifo_Size) refers to uart.o(.data) for RxPutI
    uart.o(i.TxFifo_Get) refers to uart.o(.data) for TxPutI
    uart.o(i.TxFifo_Get) refers to uart.o(.bss) for TxFifo
    uart.o(i.TxFifo_Init) refers to startup.o(.text) for StartCritical
    uart.o(i.TxFifo_Init) refers to uart.o(.data) for TxGetI
    uart.o(i.TxFifo_Put) refers to uart.o(.data) for TxPutI
    uart.o(i.TxFifo_Put) refers to uart.o(.bss) for TxFifo
    uart.o(i.TxFifo_Size) refers to uart.o(.data) for TxPutI
    uart.o(i.UART0_Handler) refers to uart.o(i.copySoftwareToHardware) for copySoftwareToHardware
    uart.o(i.UART0_Handler) refers to uart.o(i.TxFifo_Size) for TxFifo_Size
    uart.o(i.UART0_Handler) refers to uart.o(i.copyHardwareToSoftware) for copyHardwareToSoftware
    uart.o(i.UART_InChar) refers to uart.o(i.RxFifo_Get) for RxFifo_Get
    uart.o(i.UART_InCharNonBlock) refers to uart.o(i.RxFifo_Get) for RxFifo_Get
    uart.o(i.UART_InString) refers to uart.o(i.UART_InChar) for UART_InChar
    uart.o(i.UART_InString) refers to uart.o(i.UART_OutChar) for UART_OutChar
    uart.o(i.UART_InUDec) refers to uart.o(i.UART_InChar) for UART_InChar
    uart.o(i.UART_InUDec) refers to uart.o(i.UART_OutChar) for UART_OutChar
    uart.o(i.UART_InUHex) refers to uart.o(i.UART_InChar) for UART_InChar
    uart.o(i.UART_InUHex) refers to uart.o(i.UART_OutChar) for UART_OutChar
    uart.o(i.UART_Init) refers to uart.o(i.RxFifo_Init) for RxFifo_Init
    uart.o(i.UART_Init) refers to uart.o(i.TxFifo_Init) for TxFifo_Init
    uart.o(i.UART_Init) refers to startup.o(.text) for EnableInterrupts
    uart.o(i.UART_OutChar) refers to uart.o(i.TxFifo_Put) for TxFifo_Put
    uart.o(i.UART_OutChar) refers to uart.o(i.copySoftwareToHardware) for copySoftwareToHardware
    uart.o(i.UART_OutString) refers to uart.o(i.UART_OutChar) for UART_OutChar
    uart.o(i.UART_OutUDec) refers to uart.o(i.UART_OutChar) for UART_OutChar
    uart.o(i.UART_OutUHex) refers to uart.o(i.UART_OutChar) for UART_OutChar
    uart.o(i.copyHardwareToSoftware) refers to uart.o(i.RxFifo_Put) for RxFifo_Put
    uart.o(i.copyHardwareToSoftware) refers to uart.o(i.RxFifo_Size) for RxFifo_Size
    uart.o(i.copySoftwareToHardware) refers to uart.o(i.TxFifo_Get) for TxFifo_Get
    uart.o(i.copySoftwareToHardware) refers to uart.o(i.TxFifo_Size) for TxFifo_Size
    blynk.o(i.Blynk_to_TM4C) refers to esp8266.o(i.ESP8266_GetMessage) for ESP8266_GetMessage
    blynk.o(i.Blynk_to_TM4C) refers to uart.o(i.UART_OutChar) for UART_OutChar
    blynk.o(i.Blynk_to_TM4C) refers to strtok.o(.text) for strtok
    blynk.o(i.Blynk_to_TM4C) refers to strcpy.o(.text) for strcpy
    blynk.o(i.Blynk_to_TM4C) refers to atoi.o(.text) for atoi
    blynk.o(i.Blynk_to_TM4C) refers to uart.o(i.UART_OutString) for UART_OutString
    blynk.o(i.Blynk_to_TM4C) refers to blynk.o(.bss) for serial_buf
    blynk.o(i.Blynk_to_TM4C) refers to blynk.o(.data) for Pin_Number
    blynk.o(i.SendInformation) refers to blynk.o(i.TM4C_to_Blynk) for TM4C_to_Blynk
    blynk.o(i.SendInformation) refers to blynk.o(.data) for time
    blynk.o(i.TM4C_to_Blynk) refers to esp8266.o(i.ESP8266_OutUDec) for ESP8266_OutUDec
    blynk.o(i.TM4C_to_Blynk) refers to esp8266.o(i.ESP8266_OutChar) for ESP8266_OutChar
    blynk.o(i.TM4C_to_Blynk) refers to esp8266.o(i.ESP8266_OutString) for ESP8266_OutString
    blynk.o(i.main) refers to pll.o(i.PLL_Init) for PLL_Init
    blynk.o(i.main) refers to startup.o(.text) for DisableInterrupts
    blynk.o(i.main) refers to uart.o(i.UART_Init) for UART_Init
[...]
    rred.o(i.__ieee754_rem_pio2) refers to dadd.o(.text) for __aeabi_dsub
    rred.o(i.__ieee754_rem_pio2) refers to dmul.o(.text) for __aeabi_dmul
    rred.o(i.__ieee754_rem_pio2) refers to dfixi.o(.text) for __aeabi_d2iz
    rred.o(i.__ieee754_rem_pio2) refers to dflti.o(.text) for __aeabi_i2d
    rred.o(i.__ieee754_rem_pio2) refers to dfltui.o(.text) for __aeabi_ui2d
    rred.o(i.__ieee754_rem_pio2) refers to dscalb.o(.text) for __ARM_scalbn
    rred.o(i.__ieee754_rem_pio2) refers to rred.o(.constdata) for .constdata
    rred.o(i.__use_accurate_range_reduction) refers (Special) to iusefp.o(.text) for __I$use$fp
    rred.o(.constdata) refers (Special) to iusefp.o(.text) for __I$use$fp
    sin_i.o(i.__kernel_sin) refers (Special) to iusefp.o(.text) for __I$use$fp
    sin_i.o(i.__kernel_sin) refers to fpclassify.o(i.__ARM_fpclassify) for __ARM_fpclassify
    sin_i.o(i.__kernel_sin) refers to dunder.o(i.__mathlib_dbl_underflow) for __mathlib_dbl_underflow
    sin_i.o(i.__kernel_sin) refers to dmul.o(.text) for __aeabi_dmul
    sin_i.o(i.__kernel_sin) refers to poly.o(i.__kernel_poly) for __kernel_poly
    sin_i.o(i.__kernel_sin) refers to dscalb.o(.text) for __ARM_scalbn
    sin_i.o(i.__kernel_sin) refers to dadd.o(.text) for __aeabi_dsub
    sin_i.o(i.__kernel_sin) refers to sin_i.o(.constdata) for .constdata
    sin_i.o(.constdata) refers (Special) to iusefp.o(.text) for __I$use$fp
    sin_i_x.o(i.____kernel_sin$lsc) refers (Special) to iusefp.o(.text) for __I$use$fp
    sin_i_x.o(i.____kernel_sin$lsc) refers to dmul.o(.text) for __aeabi_dmul
    sin_i_x.o(i.____kernel_sin$lsc) refers to poly.o(i.__kernel_poly) for __kernel_poly
    sin_i_x.o(i.____kernel_sin$lsc) refers to dscalb.o(.text) for __ARM_scalbn
    sin_i_x.o(i.____kernel_sin$lsc) refers to dadd.o(.text) for __aeabi_dsub
    sin_i_x.o(i.____kernel_sin$lsc) refers to sin_i_x.o(.constdata) for .constdata
    sin_i_x.o(.constdata) refers (Special) to iusefp.o(.text) for __I$use$fp
    entry2.o(.ARM.Collect$$$$00000001) refers to entry2.o(.ARM.Collect$$$$00002712) for __lit__00000000
    entry2.o(.ARM.Collect$$$$00002712) refers to startup.o(STACK) for __initial_sp
    entry2.o(__vectab_stack_and_reset_area) refers to startup.o(STACK) for __initial_sp
    entry2.o(__vectab_stack_and_reset_area) refers to entry.o(.ARM.Collect$$$$00000000) for __main
    entry5.o(.ARM.Collect$$$$00000004) refers to init.o(.text) for __scatterload
    entry9a.o(.ARM.Collect$$$$0000000B) refers to blynk.o(i.main) for main
    entry9b.o(.ARM.Collect$$$$0000000C) refers to blynk.o(i.main) for main
    errno.o(i.__aeabi_errno_addr) refers to errno.o(.data) for .data
    errno.o(i.__read_errno) refers to errno.o(.data) for .data
    errno.o(i.__set_errno) refers to errno.o(.data) for .data
    strtol.o(.text) refers to ctype_o.o(.text) for __rt_ctype_table
    strtol.o(.text) refers to _strtoul.o(.text) for _strtoul
    strtol.o(.text) refers to errno.o(i.__aeabi_errno_addr) for __aeabi_errno_addr
    depilogue.o(.text) refers to llshl.o(.text) for __aeabi_llsl
    depilogue.o(.text) refers to llushr.o(.text) for __aeabi_llsr
    fpclassify.o(i.__ARM_fpclassify) refers (Special) to iusefp.o(.text) for __I$use$fp
    poly.o(i.__kernel_poly) refers (Special) to iusefp.o(.text) for __I$use$fp
    poly.o(i.__kernel_poly) refers to dmul.o(.text) for __aeabi_dmul
    poly.o(i.__kernel_poly) refers to dadd.o(.text) for __aeabi_dadd
    init.o(.text) refers to entry5.o(.ARM.Collect$$$$00000004) for __main_after_scatterload
    ctype_o.o(.text) refers to ctype_o.o(.constdata) for .constdata
    ctype_o.o(.constdata) refers to ctype_o.o(.constdata) for __ctype_table
    isalnum_o.o(.text) refers to ctype_o.o(.text) for __rt_ctype_table
    isalpha_o.o(.text) refers to ctype_o.o(.text) for __rt_ctype_table
    isblank_o.o(.text) refers to ctype_o.o(.constdata) for __ctype_table
    iscntrl_o.o(.text) refers to ctype_o.o(.text) for __rt_ctype_table
    isdigit_o.o(.text) refers to ctype_o.o(.text) for __rt_ctype_table
    isgraph_o.o(.text) refers to ctype_o.o(.text) for __rt_ctype_table
    islower_o.o(.text) refers to ctype_o.o(.text) for __rt_ctype_table
    isprint_o.o(.text) refers to ctype_o.o(.text) for __rt_ctype_table
    ispunct_o.o(.text) refers to ctype_o.o(.text) for __rt_ctype_table
    isspace_o.o(.text) refers to ctype_o.o(.text) for __rt_ctype_table
    isupper_o.o(.text) refers to ctype_o.o(.text) for __rt_ctype_table
    isxdigit_o.o(.text) refers to ctype_o.o(.text) for __rt_ctype_table
    _strtoul.o(.text) refers to _chval.o(.text) for _chval
    _strtoul.o(.text) refers to errno.o(i.__aeabi_errno_addr) for __aeabi_errno_addr


==============================================================================

Removing Unused input sections from the image.

    Removing startup.o(HEAP), (0 bytes).
    Removing uart.o(i.RxFifo_Get), (60 bytes).
    Removing uart.o(i.UART_InChar), (20 bytes).
    Removing uart.o(i.UART_InCharNonBlock), (20 bytes).
    Removing uart.o(i.UART_InString), (70 bytes).
    Removing uart.o(i.UART_InUDec), (76 bytes).
    Removing uart.o(i.UART_InUHex), (108 bytes).
    Removing uart.o(i.UART_OutUDec), (42 bytes).
    Removing uart.o(i.UART_OutUHex), (52 bytes).
    Removing st7735.o(i.Output_Clear), (10 bytes).
    Removing st7735.o(i.Output_Color), (12 bytes).
    Removing st7735.o(i.Output_Init), (16 bytes).
    Removing st7735.o(i.Output_Off), (8 bytes).
    Removing st7735.o(i.Output_On), (8 bytes).
    Removing st7735.o(i.ST7735_Color565), (24 bytes).
    Removing st7735.o(i.ST7735_DrawBitmap), (292 bytes).
    Removing st7735.o(i.ST7735_DrawChar), (276 bytes).
    Removing st7735.o(i.ST7735_DrawCircle), (172 bytes).
    Removing st7735.o(i.ST7735_DrawFastHLine), (128 bytes).
    Removing st7735.o(i.ST7735_DrawFastVLine), (128 bytes).
    Removing st7735.o(i.ST7735_DrawSmallCircle), (172 bytes).
    Removing st7735.o(i.ST7735_InitB), (40 bytes).
    Removing st7735.o(i.ST7735_InvertDisplay), (26 bytes).
    Removing st7735.o(i.ST7735_OutUDec4), (140 bytes).
    Removing st7735.o(i.ST7735_OutUDec5), (140 bytes).
    Removing st7735.o(i.ST7735_PlotBar), (88 bytes).
    Removing st7735.o(i.ST7735_PlotClear), (92 bytes).
    Removing st7735.o(i.ST7735_PlotLine), (264 bytes).
    Removing st7735.o(i.ST7735_PlotNext), (32 bytes).
    Removing st7735.o(i.ST7735_PlotNextErase), (64 bytes).
    Removing st7735.o(i.ST7735_PlotPoint), (152 bytes).
    Removing st7735.o(i.ST7735_PlotPoints), (172 bytes).
    Removing st7735.o(i.ST7735_PlotdBfs), (60 bytes).
    Removing st7735.o(i.ST7735_SetRotation), (216 bytes).
    Removing st7735.o(i.ST7735_SetX), (36 bytes).
    Removing st7735.o(i.ST7735_SwapColor), (18 bytes).
    Removing st7735.o(i.ST7735_XYplot), (108 bytes).
    Removing st7735.o(i.ST7735_XYplotInit), (72 bytes).
    Removing st7735.o(i.ST7735_sDecOut2), (304 bytes).
    Removing st7735.o(i.ST7735_uBinOut6), (228 bytes).
    Removing st7735.o(i.ferror), (8 bytes).
    Removing st7735.o(i.fgetc), (6 bytes).
    Removing st7735.o(i.fillmessage4), (100 bytes).
    Removing st7735.o(i.fillmessage5), (128 bytes).
    Removing st7735.o(i.fputc), (16 bytes).
    Removing esp8266.o(i.ESP8266_AvailableInput), (8 bytes).
    Removing buttons.o(i.Buttons_Enable), (36 bytes).
    Removing lab3.o(i.test_button), (60 bytes).
    Removing lab3.o(i.test_clock), (178 bytes).
    Removing lab3.o(i.test_speaker), (26 bytes).

50 unused section(s) (total 4512 bytes) removed from the image.

==============================================================================

Image Symbol Table

    Local Symbols

    Symbol Name                              Value     Ov Type        Size  Object(Section)

    RESET                                    0x00000000   Section      644  startup.o(RESET)
    ../clib/../cmprslib/zerorunl2.c          0x00000000   Number         0  __dczerorl2.o ABSOLUTE
    ../clib/microlib/ctype/ctype.c           0x00000000   Number         0  isspace_o.o ABSOLUTE
    ../clib/microlib/ctype/ctype.c           0x00000000   Number         0  isxdigit_o.o ABSOLUTE
    ../clib/microlib/ctype/ctype.c           0x00000000   Number         0  isupper_o.o ABSOLUTE
    ../clib/microlib/ctype/ctype.c           0x00000000   Number         0  ispunct_o.o ABSOLUTE
    ../clib/microlib/ctype/ctype.c           0x00000000   Number         0  isprint_o.o ABSOLUTE
    ../clib/microlib/ctype/ctype.c           0x00000000   Number         0  isalnum_o.o ABSOLUTE
    ../clib/microlib/ctype/ctype.c           0x00000000   Number         0  islower_o.o ABSOLUTE
    ../clib/microlib/ctype/ctype.c           0x00000000   Number         0  isgraph_o.o ABSOLUTE
    ../clib/microlib/ctype/ctype.c           0x00000000   Number         0  isdigit_o.o ABSOLUTE
    ../clib/microlib/ctype/ctype.c           0x00000000   Number         0  iscntrl_o.o ABSOLUTE
    ../clib/microlib/ctype/ctype.c           0x00000000   Number         0  isblank_o.o ABSOLUTE
    ../clib/microlib/ctype/ctype.c           0x00000000   Number         0  isalpha_o.o ABSOLUTE
    ../clib/microlib/ctype/ctype.c           0x00000000   Number         0  ctype_o.o ABSOLUTE
    ../clib/microlib/errno.c                 0x00000000   Number         0  errno.o ABSOLUTE
    ../clib/microlib/init/entry.s            0x00000000   Number         0  entry9b.o ABSOLUTE
    ../clib/microlib/init/entry.s            0x00000000   Number         0  entry8a.o ABSOLUTE
    ../clib/microlib/init/entry.s            0x00000000   Number         0  entry9a.o ABSOLUTE
    ../clib/microlib/init/entry.s            0x00000000   Number         0  entry2.o ABSOLUTE
    ../clib/microlib/init/entry.s            0x00000000   Number         0  entry8b.o ABSOLUTE
    ../clib/microlib/init/entry.s            0x00000000   Number         0  entry.o ABSOLUTE
    ../clib/microlib/init/entry.s            0x00000000   Number         0  entry7b.o ABSOLUTE
    ../clib/microlib/init/entry.s            0x00000000   Number         0  entry7a.o ABSOLUTE
    ../clib/microlib/init/entry.s            0x00000000   Number         0  entry10a.o ABSOLUTE
    ../clib/microlib/init/entry.s            0x00000000   Number         0  entry11b.o ABSOLUTE
    ../clib/microlib/init/entry.s            0x00000000   Number         0  entry11a.o ABSOLUTE
    ../clib/microlib/init/entry.s            0x00000000   Number         0  entry5.o ABSOLUTE
    ../clib/microlib/init/entry.s            0x00000000   Number         0  entry10b.o ABSOLUTE
    ../clib/microlib/longlong.c              0x00000000   Number         0  llsshr.o ABSOLUTE
    ../clib/microlib/longlong.c              0x00000000   Number         0  llushr.o ABSOLUTE
    ../clib/microlib/longlong.c              0x00000000   Number         0  llshl.o ABSOLUTE
    ../clib/microlib/string/strcpy.c         0x00000000   Number         0  strcpy.o ABSOLUTE
    ../clib/microlib/string/strtok.c         0x00000000   Number         0  strtok.o ABSOLUTE
    ../clib/microlib/string/strtok.c         0x00000000   Number         0  strtok_r.o ABSOLUTE
    ../clib/microlib/stubs.s                 0x00000000   Number         0  iusefp.o ABSOLUTE
    ../clib/scanf.c                          0x00000000   Number         0  _chval.o ABSOLUTE
    ../clib/scanf.c                          0x00000000   Number         0  _strtoul.o ABSOLUTE
    ../clib/scanf.c                          0x00000000   Number         0  strtol.o ABSOLUTE
    ../clib/scanf.c                          0x00000000   Number         0  atoi.o ABSOLUTE
    ../fplib/microlib/fpadd.c                0x00000000   Number         0  dadd.o ABSOLUTE
    ../fplib/microlib/fpdiv.c                0x00000000   Number         0  ddiv.o ABSOLUTE
    ../fplib/microlib/fpepilogue.c           0x00000000   Number         0  depilogue.o ABSOLUTE
    ../fplib/microlib/fpfix.c                0x00000000   Number         0  dfixi.o ABSOLUTE
    ../fplib/microlib/fpfix.c                0x00000000   Number         0  dfixui.o ABSOLUTE
    ../fplib/microlib/fpflt.c                0x00000000   Number         0  dflti.o ABSOLUTE
    ../fplib/microlib/fpflt.c                0x00000000   Number         0  dfltui.o ABSOLUTE
    ../fplib/microlib/fpmul.c                0x00000000   Number         0  dmul.o ABSOLUTE
    ../fplib/microlib/fpscalb.c              0x00000000   Number         0  dscalb.o ABSOLUTE
    ../mathlib/cos.c                         0x00000000   Number         0  cos.o ABSOLUTE
    ../mathlib/cos.c                         0x00000000   Number         0  cos_x.o ABSOLUTE
    ../mathlib/cos_i.c                       0x00000000   Number         0  cos_i.o ABSOLUTE
    ../mathlib/dunder.c                      0x00000000   Number         0  dunder.o ABSOLUTE
    ../mathlib/fpclassify.c                  0x00000000   Number         0  fpclassify.o ABSOLUTE
    ../mathlib/poly.c                        0x00000000   Number         0  poly.o ABSOLUTE
    ../mathlib/rred.c                        0x00000000   Number         0  rred.o ABSOLUTE
    ../mathlib/sin.c                         0x00000000   Number         0  sin.o ABSOLUTE
    ../mathlib/sin.c                         0x00000000   Number         0  sin_x.o ABSOLUTE
    ../mathlib/sin_i.c                       0x00000000   Number         0  sin_i_x.o ABSOLUTE
    ../mathlib/sin_i.c                       0x00000000   Number         0  sin_i.o ABSOLUTE
    Blynk.c                                  0x00000000   Number         0  blynk.o ABSOLUTE
    Buttons.c                                0x00000000   Number         0  buttons.o ABSOLUTE
    Clock.c                                  0x00000000   Number         0  clock.o ABSOLUTE
    Lab3.c                                   0x00000000   Number         0  lab3.o ABSOLUTE
    PLL.c                                    0x00000000   Number         0  pll.o ABSOLUTE
    ST7735.c                                 0x00000000   Number         0  st7735.o ABSOLUTE
    Speaker.c                                0x00000000   Number         0  speaker.o ABSOLUTE
    Timer2.c                                 0x00000000   Number         0  timer2.o ABSOLUTE
    Timer3.c                                 0x00000000   Number         0  timer3.o ABSOLUTE
    UART.c                                   0x00000000   Number         0  uart.o ABSOLUTE
    dc.s                                     0x00000000   Number         0  dc.o ABSOLUTE
    esp8266.c                                0x00000000   Number         0  esp8266.o ABSOLUTE
    handlers.s                               0x00000000   Number         0  handlers.o ABSOLUTE
    init.s                                   0x00000000   Number         0  init.o ABSOLUTE
    startup.s                                0x00000000   Number         0  startup.o ABSOLUTE
    .ARM.Collect$$$$00000000                 0x00000284   Section        0  entry.o(.ARM.Collect$$$$00000000)
    .ARM.Collect$$$$00000001                 0x00000284   Section        4  entry2.o(.ARM.Collect$$$$00000001)
    .ARM.Collect$$$$00000004                 0x00000288   Section        4  entry5.o(.ARM.Collect$$$$00000004)
    .ARM.Collect$$$$00000008                 0x0000028c   Section        0  entry7b.o(.ARM.Collect$$$$00000008)
    .ARM.Collect$$$$0000000A                 0x0000028c   Section        0  entry8b.o(.ARM.Collect$$$$0000000A)
    .ARM.Collect$$$$0000000B                 0x0000028c   Section        8  entry9a.o(.ARM.Collect$$$$0000000B)
    .ARM.Collect$$$$0000000D                 0x00000294   Section        0  entry10a.o(.ARM.Collect$$$$0000000D)
    .ARM.Collect$$$$0000000F                 0x00000294   Section        0  entry11a.o(.ARM.Collect$$$$0000000F)
    .ARM.Collect$$$$00002712                 0x00000294   Section        4  entry2.o(.ARM.Collect$$$$00002712)
    __lit__00000000                          0x00000294   Data           4  entry2.o(.ARM.Collect$$$$00002712)
    .text                                    0x00000298   Section       28  startup.o(.text)
    .text                                    0x000002b4   Section        0  strcpy.o(.text)
    .text                                    0x000002c8   Section        0  strtok.o(.text)
    .text                                    0x0000030c   Section        0  atoi.o(.text)
    .text                                    0x00000326   Section        0  dadd.o(.text)
    .text                                    0x00000474   Section        0  dmul.o(.text)
    .text                                    0x00000558   Section        0  ddiv.o(.text)
    .text                                    0x00000636   Section        0  dflti.o(.text)
    .text                                    0x00000658   Section        0  dfltui.o(.text)
    .text                                    0x00000672   Section        0  dfixi.o(.text)
    .text                                    0x000006b0   Section        0  dfixui.o(.text)
    .text                                    0x000006e2   Section        0  llshl.o(.text)
    .text                                    0x00000700   Section        0  llushr.o(.text)
    .text                                    0x00000720   Section        0  llsshr.o(.text)
    .text                                    0x00000744   Section        0  strtol.o(.text)
    .text                                    0x000007b4   Section        0  iusefp.o(.text)
    .text                                    0x000007b4   Section        0  depilogue.o(.text)
    .text                                    0x00000870   Section       36  init.o(.text)
    .text                                    0x00000894   Section        0  ctype_o.o(.text)
    .text                                    0x0000089c   Section        0  _strtoul.o(.text)
    .text                                    0x0000093a   Section        0  dscalb.o(.text)
    .text                                    0x00000968   Section        0  _chval.o(.text)
    .text                                    0x00000984   Section        0  __dczerorl2.o(.text)
    i.Blynk_to_TM4C                          0x000009dc   Section        0  blynk.o(i.Blynk_to_TM4C)
    i.Buttons_Disable                        0x00000dfc   Section        0  buttons.o(i.Buttons_Disable)
    i.Buttons_Init                           0x00000e20   Section        0  buttons.o(i.Buttons_Init)
    i.ChangeMenu                             0x00000e34   Section        0  lab3.o(i.ChangeMenu)
    i.Clock_AlarmShutoff                     0x00000e6c   Section        0  clock.o(i.Clock_AlarmShutoff)
    i.Clock_AlarmSnooze                      0x00000e8c   Section        0  clock.o(i.Clock_AlarmSnooze)
    i.Clock_Continue                         0x00000f04   Section        0  clock.o(i.Clock_Continue)
    i.Clock_Init                             0x00000f10   Section        0  clock.o(i.Clock_Init)
    i.Clock_Pause                            0x00000f68   Section        0  clock.o(i.Clock_Pause)
    i.Clock_ShowClock                        0x00000f74   Section        0  clock.o(i.Clock_ShowClock)
    i.Clock_ShowMenu1                        0x00001290   Section        0  clock.o(i.Clock_ShowMenu1)
    i.Clock_ShowMenu2                        0x00001380   Section        0  clock.o(i.Clock_ShowMenu2)
    i.Clock_ShowMenu3                        0x000014b0   Section        0  clock.o(i.Clock_ShowMenu3)
    i.Clock_UpdateClock                      0x0000153c   Section        0  clock.o(i.Clock_UpdateClock)
    i.Clock_UpdateMenu1                      0x000017d8   Section        0  clock.o(i.Clock_UpdateMenu1)
    i.Clock_UpdateMenu2                      0x00001a38   Section        0  clock.o(i.Clock_UpdateMenu2)
    i.Debounce_Init                          0x00001e9c   Section        0  buttons.o(i.Debounce_Init)
    i.Delay1ms                               0x00001eb8   Section        0  st7735.o(i.Delay1ms)
    i.DelayMs                                0x00001ed8   Section        0  esp8266.o(i.DelayMs)
    i.ESP8266_GetMessage                     0x00001ef8   Section        0  esp8266.o(i.ESP8266_GetMessage)
    i.ESP8266_Init                           0x00001f48   Section        0  esp8266.o(i.ESP8266_Init)
    i.ESP8266_OutChar                        0x00001fd0   Section        0  esp8266.o(i.ESP8266_OutChar)
    i.ESP8266_OutString                      0x00002004   Section        0  esp8266.o(i.ESP8266_OutString)
    i.ESP8266_OutUDec                        0x0000201c   Section        0  esp8266.o(i.ESP8266_OutUDec)
    i.ESP8266_Reset                          0x00002048   Section        0  esp8266.o(i.ESP8266_Reset)
    i.ESP8266_SetupWiFi                      0x00002140   Section        0  esp8266.o(i.ESP8266_SetupWiFi)
    i.GPIOArm                                0x000022b8   Section        0  buttons.o(i.GPIOArm)
    GPIOArm                                  0x000022b9   Thumb Code   100  buttons.o(i.GPIOArm)
    i.GPIOPortC_Handler                      0x0000232c   Section        0  buttons.o(i.GPIOPortC_Handler)
    i.GPIOPortF_Handler                      0x00002338   Section        0  buttons.o(i.GPIOPortF_Handler)
    i.Lab3_main                              0x00002344   Section        0  lab3.o(i.Lab3_main)
    i.PLL_Init                               0x00002478   Section        0  pll.o(i.PLL_Init)
    i.PortB_Init                             0x000024f4   Section        0  speaker.o(i.PortB_Init)
    i.PortC_Init                             0x00002568   Section        0  buttons.o(i.PortC_Init)
    i.PortF_Init                             0x0000263c   Section        0  buttons.o(i.PortF_Init)
    i.Rx5Fifo_Init                           0x00002734   Section        0  esp8266.o(i.Rx5Fifo_Init)
    i.Rx5Fifo_Put                            0x00002760   Section        0  esp8266.o(i.Rx5Fifo_Put)
    i.Rx5Fifo_Size                           0x00002830   Section        0  esp8266.o(i.Rx5Fifo_Size)
    i.RxFifo_Init                            0x00002844   Section        0  uart.o(i.RxFifo_Init)
    i.RxFifo_Put                             0x00002868   Section        0  uart.o(i.RxFifo_Put)
    i.RxFifo_Size                            0x000028a4   Section        0  uart.o(i.RxFifo_Size)
    i.ST7735_DrawCharS                       0x000028b8   Section        0  st7735.o(i.ST7735_DrawCharS)
    i.ST7735_DrawPixel                       0x000029b0   Section        0  st7735.o(i.ST7735_DrawPixel)
    i.ST7735_DrawString                      0x000029fc   Section        0  st7735.o(i.ST7735_DrawString)
    i.ST7735_DrawStringBG                    0x00002a52   Section        0  st7735.o(i.ST7735_DrawStringBG)
    i.ST7735_FillRect                        0x00002aac   Section        0  st7735.o(i.ST7735_FillRect)
    i.ST7735_FillScreen                      0x00002b5c   Section        0  st7735.o(i.ST7735_FillScreen)
    i.ST7735_InitR                           0x00002b80   Section        0  st7735.o(i.ST7735_InitR)
    i.ST7735_Line                            0x00002bfc   Section        0  st7735.o(i.ST7735_Line)
    i.ST7735_OutChar                         0x00002c7c   Section        0  st7735.o(i.ST7735_OutChar)
    i.ST7735_OutString                       0x00002d68   Section        0  st7735.o(i.ST7735_OutString)
    i.ST7735_OutUDec                         0x00002d80   Section        0  st7735.o(i.ST7735_OutUDec)
    i.ST7735_OutUDec2                        0x00002e0c   Section        0  st7735.o(i.ST7735_OutUDec2)
    i.ST7735_SetBGColor                      0x00002ea8   Section        0  st7735.o(i.ST7735_SetBGColor)
    i.ST7735_SetCursor                       0x00002eb4   Section        0  st7735.o(i.ST7735_SetCursor)
    i.ST7735_SetTextColor                    0x00002ed4   Section        0  st7735.o(i.ST7735_SetTextColor)
    i.SendInformation                        0x00002ee0   Section        0  blynk.o(i.SendInformation)
    i.Speaker_Disable                        0x00002f58   Section        0  speaker.o(i.Speaker_Disable)
    i.Speaker_Enable                         0x00002f68   Section        0  speaker.o(i.Speaker_Enable)
    i.Speaker_Init                           0x00002f78   Section        0  speaker.o(i.Speaker_Init)
    i.TM4C_to_Blynk                          0x00002f90   Section        0  blynk.o(i.TM4C_to_Blynk)
    i.Timer0A_Handler                        0x00002fcc   Section        0  speaker.o(i.Timer0A_Handler)
    i.Timer0_Init_500Hz                      0x00002fe8   Section        0  speaker.o(i.Timer0_Init_500Hz)
    i.Timer1A_Handler                        0x00003060   Section        0  clock.o(i.Timer1A_Handler)
    i.Timer1_Init                            0x0000315c   Section        0  clock.o(i.Timer1_Init)
    i.Timer2A_Handler                        0x000031d4   Section        0  timer2.o(i.Timer2A_Handler)
    i.Timer2_Init                            0x000031ec   Section        0  timer2.o(i.Timer2_Init)
    i.Timer3A_Handler                        0x0000324c   Section        0  timer3.o(i.Timer3A_Handler)
    i.Timer3_Init                            0x00003264   Section        0  timer3.o(i.Timer3_Init)
    i.Timer4A_Handler                        0x000032c0   Section        0  buttons.o(i.Timer4A_Handler)
    i.Timer4Arm                              0x00003374   Section        0  buttons.o(i.Timer4Arm)
    Timer4Arm                                0x00003375   Thumb Code    70  buttons.o(i.Timer4Arm)
    i.Tx5Fifo_Get                            0x000033cc   Section        0  esp8266.o(i.Tx5Fifo_Get)
    i.Tx5Fifo_Init                           0x00003404   Section        0  esp8266.o(i.Tx5Fifo_Init)
    i.Tx5Fifo_Put                            0x00003428   Section        0  esp8266.o(i.Tx5Fifo_Put)
    i.Tx5Fifo_Size                           0x00003464   Section        0  esp8266.o(i.Tx5Fifo_Size)
    i.TxFifo_Get                             0x00003478   Section        0  uart.o(i.TxFifo_Get)
    i.TxFifo_Init                            0x000034b4   Section        0  uart.o(i.TxFifo_Init)
    i.TxFifo_Put                             0x000034d8   Section        0  uart.o(i.TxFifo_Put)
    i.TxFifo_Size                            0x00003514   Section        0  uart.o(i.TxFifo_Size)
    i.UART0_Handler                          0x00003528   Section        0  uart.o(i.UART0_Handler)
    i.UART5_Handler                          0x00003580   Section        0  esp8266.o(i.UART5_Handler)
    i.UART5_Init                             0x000035d8   Section        0  esp8266.o(i.UART5_Init)
    i.UART_Init                              0x000036b0   Section        0  uart.o(i.UART_Init)
    i.UART_OutChar                           0x0000377c   Section        0  uart.o(i.UART_OutChar)
    i.UART_OutString                         0x000037b0   Section        0  uart.o(i.UART_OutString)
    i.__ARM_fpclassify                       0x000037c8   Section        0  fpclassify.o(i.__ARM_fpclassify)
    i.__aeabi_errno_addr                     0x000037f0   Section        0  errno.o(i.__aeabi_errno_addr)
    i.__ieee754_rem_pio2                     0x000037f8   Section        0  rred.o(i.__ieee754_rem_pio2)
    i.__kernel_cos                           0x00003b80   Section        0  cos_i.o(i.__kernel_cos)
    i.__kernel_poly                          0x00003c7c   Section        0  poly.o(i.__kernel_poly)
    i.__kernel_sin                           0x00003d28   Section        0  sin_i.o(i.__kernel_sin)
    i.__mathlib_dbl_infnan                   0x00003e14   Section        0  dunder.o(i.__mathlib_dbl_infnan)
    i.__mathlib_dbl_invalid                  0x00003e1a   Section        0  dunder.o(i.__mathlib_dbl_invalid)
    i.__mathlib_dbl_underflow                0x00003e28   Section        0  dunder.o(i.__mathlib_dbl_underflow)
    i.__scatterload_copy                     0x00003e38   Section       14  handlers.o(i.__scatterload_copy)
    i.__scatterload_null                     0x00003e46   Section        2  handlers.o(i.__scatterload_null)
    i.__scatterload_zeroinit                 0x00003e48   Section       14  handlers.o(i.__scatterload_zeroinit)
    i.__set_errno                            0x00003e58   Section        0  errno.o(i.__set_errno)
    i.commandList                            0x00003e64   Section        0  st7735.o(i.commandList)
    commandList                              0x00003e65   Thumb Code    86  st7735.o(i.commandList)
    i.commonInit                             0x00003ebc   Section        0  st7735.o(i.commonInit)
    commonInit                               0x00003ebd   Thumb Code   342  st7735.o(i.commonInit)
    i.copyHardwareToSoftware                 0x00004044   Section        0  uart.o(i.copyHardwareToSoftware)
    copyHardwareToSoftware                   0x00004045   Thumb Code    36  uart.o(i.copyHardwareToSoftware)
    i.copyHardwareToSoftware5                0x0000406c   Section        0  esp8266.o(i.copyHardwareToSoftware5)
    copyHardwareToSoftware5                  0x0000406d   Thumb Code    36  esp8266.o(i.copyHardwareToSoftware5)
    i.copySoftwareToHardware                 0x00004094   Section        0  uart.o(i.copySoftwareToHardware)
    copySoftwareToHardware                   0x00004095   Thumb Code    38  uart.o(i.copySoftwareToHardware)
    i.copySoftwareToHardware5                0x000040c0   Section        0  esp8266.o(i.copySoftwareToHardware5)
    copySoftwareToHardware5                  0x000040c1   Thumb Code    38  esp8266.o(i.copySoftwareToHardware5)
    i.cos                                    0x000040ec   Section        0  cos.o(i.cos)
    i.deselect                               0x00004188   Section        0  st7735.o(i.deselect)
    deselect                                 0x00004189   Thumb Code    24  st7735.o(i.deselect)
    i.fillmessage                            0x000041a4   Section        0  st7735.o(i.fillmessage)
    i.fillmessage2                           0x000041ec   Section        0  st7735.o(i.fillmessage2)
    i.main                                   0x00004220   Section        0  blynk.o(i.main)
    i.plotLineX                              0x0000428c   Section        0  st7735.o(i.plotLineX)
    i.plotLineY                              0x00004332   Section        0  st7735.o(i.plotLineY)
    i.pushColor                              0x000043d6   Section        0  st7735.o(i.pushColor)
    pushColor                                0x000043d7   Thumb Code    18  st7735.o(i.pushColor)
    i.setAddrWindow                          0x000043e8   Section        0  st7735.o(i.setAddrWindow)
    setAddrWindow                            0x000043e9   Thumb Code   106  st7735.o(i.setAddrWindow)
    i.sin                                    0x0000445c   Section        0  sin.o(i.sin)
    i.toHour                                 0x000044fc   Section        0  clock.o(i.toHour)
    i.toMinute                               0x00004508   Section        0  clock.o(i.toMinute)
    i.toSecond                               0x0000451e   Section        0  clock.o(i.toSecond)
    i.writecommand                           0x0000452c   Section        0  st7735.o(i.writecommand)
    writecommand                             0x0000452d   Thumb Code    46  st7735.o(i.writecommand)
    i.writedata                              0x00004564   Section        0  st7735.o(i.writedata)
    writedata                                0x00004565   Thumb Code    26  st7735.o(i.writedata)
    .constdata                               0x00004588   Section     2114  st7735.o(.constdata)
    Font                                     0x00004588   Data        1275  st7735.o(.constdata)
    Bcmd                                     0x00004a83   Data         103  st7735.o(.constdata)
    Rcmd1                                    0x00004aea   Data          59  st7735.o(.constdata)
    Rcmd2green                               0x00004b25   Data          13  st7735.o(.constdata)
    Rcmd2red                                 0x00004b32   Data          13  st7735.o(.constdata)
    Rcmd3                                    0x00004b3f   Data          43  st7735.o(.constdata)
    .constdata                               0x00004dd0   Section       48  cos_i.o(.constdata)
    C                                        0x00004dd0   Data          48  cos_i.o(.constdata)
    .constdata                               0x00004e00   Section      200  rred.o(.constdata)
    pio2s                                    0x00004e00   Data          48  rred.o(.constdata)
    twooverpi                                0x00004e30   Data         152  rred.o(.constdata)
    .constdata                               0x00004ec8   Section       40  sin_i.o(.constdata)
    S                                        0x00004ec8   Data          40  sin_i.o(.constdata)
    .constdata                               0x00004ef0   Section      129  ctype_o.o(.constdata)
    .constdata                               0x00004f74   Section        4  ctype_o.o(.constdata)
    table                                    0x00004f74   Data           4  ctype_o.o(.constdata)
    .data                                    0x20000000   Section       16  uart.o(.data)
    .data                                    0x20000010   Section       69  blynk.o(.data)
    .data                                    0x20000058   Section       44  st7735.o(.data)
    ColStart                                 0x20000064   Data           1  st7735.o(.data)
    RowStart                                 0x20000065   Data           1  st7735.o(.data)
    Rotation                                 0x20000066   Data           1  st7735.o(.data)
    TabColor                                 0x20000067   Data           1  st7735.o(.data)
    _width                                   0x20000068   Data           2  st7735.o(.data)
    _height                                  0x2000006a   Data           2  st7735.o(.data)
    .data                                    0x20000084   Section        4  timer2.o(.data)
    .data                                    0x20000088   Section        4  timer3.o(.data)
    .data                                    0x2000008c   Section      148  esp8266.o(.data)
    .data                                    0x20000120   Section       28  clock.o(.data)
    Mtheta                                   0x20000120   Data           8  clock.o(.data)
    Htheta                                   0x20000128   Data           8  clock.o(.data)
    DayFlag                                  0x20000130   Data           1  clock.o(.data)
    LastDayFlag                              0x20000131   Data           1  clock.o(.data)
    Paused                                   0x20000132   Data           1  clock.o(.data)
    CurrentAdjustMode                        0x20000133   Data           1  clock.o(.data)
    FlashingTextCount                        0x20000134   Data           4  clock.o(.data)
    FlashingTextToggle                       0x20000138   Data           1  clock.o(.data)
    AlarmIndex                               0x20000139   Data           1  clock.o(.data)
    AlarmAdjustMode                          0x2000013a   Data           1  clock.o(.data)
    AlarmAdjustStatus                        0x2000013b   Data           1  clock.o(.data)
    .data                                    0x2000013c   Section        4  strtok.o(.data)
    state                                    0x2000013c   Data           4  strtok.o(.data)
    .data                                    0x20000140   Section        4  errno.o(.data)
    _errno                                   0x20000140   Data           4  errno.o(.data)
    .bss                                     0x20000144   Section      128  uart.o(.bss)
    RxFifo                                   0x20000144   Data          64  uart.o(.bss)
    TxFifo                                   0x20000184   Data          64  uart.o(.bss)
    .bss                                     0x200001c4   Section       64  blynk.o(.bss)
    .bss                                     0x20000204   Section       28  st7735.o(.bss)
    curPlot                                  0x20000210   Data          16  st7735.o(.bss)
    .bss                                     0x20000220   Section      832  esp8266.o(.bss)
    Tx5Fifo                                  0x20000460   Data         256  esp8266.o(.bss)
    .bss                                     0x20000560   Section       30  clock.o(.bss)
    AlarmHour                                0x20000560   Data          10  clock.o(.bss)
    AlarmMinute                              0x2000056a   Data          10  clock.o(.bss)
    AlarmStatus                              0x20000574   Data          10  clock.o(.bss)
    STACK                                    0x20000580   Section     1024  startup.o(STACK)
    StackMem                                 0x20000580   Data           0  startup.o(STACK)

    Global Symbols

    Symbol Name                              Value     Ov Type        Size  Object(Section)

    BuildAttributes$$THM_ISAv4$E$P$D$K$B$S$7EM$PE$A:L22UL41UL21$X:L11$S22US41US21$IEEE1$IW$USESV6$~STKCKD$USESV7$~SHL$OTIME$ROPI$IEEEX$EBA8$MICROLIB$REQ8$PRES8$EABIv2 0x00000000   Number         0  anon$$obj.o ABSOLUTE
    __ARM_use_no_argv                        0x00000000   Number         0  blynk.o ABSOLUTE
    __Vectors                                0x00000000   Data           0  startup.o(RESET)
    __cpp_initialize__aeabi_                  - Undefined Weak Reference
    __cxa_finalize                            - Undefined Weak Reference
    _clock_init                               - Undefined Weak Reference
    _microlib_exit                            - Undefined Weak Reference
    Reset_Handler                            0x0000026d   Thumb Code     0  startup.o(RESET)
    NMI_Handler                              0x00000271   Thumb Code     2  startup.o(RESET)
    HardFault_Handler                        0x00000273   Thumb Code     2  startup.o(RESET)
    MemManage_Handler                        0x00000275   Thumb Code     2  startup.o(RESET)
    BusFault_Handler                         0x00000277   Thumb Code     2  startup.o(RESET)
    UsageFault_Handler                       0x00000279   Thumb Code     2  startup.o(RESET)
    SVC_Handler                              0x0000027b   Thumb Code     2  startup.o(RESET)
    DebugMon_Handler                         0x0000027d   Thumb Code     2  startup.o(RESET)
    PendSV_Handler                           0x0000027f   Thumb Code     2  startup.o(RESET)
    SysTick_Handler                          0x00000281   Thumb Code     2  startup.o(RESET)
    ADC0Seq0_Handler                         0x00000283   Thumb Code     0  startup.o(RESET)
    ADC0Seq1_Handler                         0x00000283   Thumb Code     0  startup.o(RESET)
    ADC0Seq2_Handler                         0x00000283   Thumb Code     0  startup.o(RESET)
    ADC0Seq3_Handler                         0x00000283   Thumb Code     0  startup.o(RESET)
    ADC1Seq0_Handler                         0x00000283   Thumb Code     0  startup.o(RESET)
    ADC1Seq1_Handler                         0x00000283   Thumb Code     0  startup.o(RESET)
    ADC1Seq2_Handler                         0x00000283   Thumb Code     0  startup.o(RESET)
    ADC1Seq3_Handler                         0x00000283   Thumb Code     0  startup.o(RESET)
    CAN0_Handler                             0x00000283   Thumb Code     0  startup.o(RESET)
    CAN1_Handler                             0x00000283   Thumb Code     0  startup.o(RESET)
    CAN2_Handler                             0x00000283   Thumb Code     0  startup.o(RESET)
    Comp0_Handler                            0x00000283   Thumb Code     0  startup.o(RESET)
    Comp1_Handler                            0x00000283   Thumb Code     0  startup.o(RESET)
    Comp2_Handler                            0x00000283   Thumb Code     0  startup.o(RESET)
    Ethernet_Handler                         0x00000283   Thumb Code     0  startup.o(RESET)
    ExtBus_Handler                           0x00000283   Thumb Code     0  startup.o(RESET)
    FPU_Handler                              0x00000283   Thumb Code     0  startup.o(RESET)
    Fan0_Handler                             0x00000283   Thumb Code     0  startup.o(RESET)
    FlashCtl_Handler                         0x00000283   Thumb Code     0  startup.o(RESET)
    GPIOPortA_Handler                        0x00000283   Thumb Code     0  startup.o(RESET)
    GPIOPortB_Handler                        0x00000283   Thumb Code     0  startup.o(RESET)
    GPIOPortD_Handler                        0x00000283   Thumb Code     0  startup.o(RESET)
    GPIOPortE_Handler                        0x00000283   Thumb Code     0  startup.o(RESET)
    GPIOPortG_Handler                        0x00000283   Thumb Code     0  startup.o(RESET)
    GPIOPortH_Handler                        0x00000283   Thumb Code     0  startup.o(RESET)
    GPIOPortJ_Handler                        0x00000283   Thumb Code     0  startup.o(RESET)
    GPIOPortK_Handler                        0x00000283   Thumb Code     0  startup.o(RESET)
    GPIOPortL_Handler                        0x00000283   Thumb Code     0  startup.o(RESET)
    GPIOPortM_Handler                        0x00000283   Thumb Code     0  startup.o(RESET)
    GPIOPortN_Handler                        0x00000283   Thumb Code     0  startup.o(RESET)
    GPIOPortP1_Handler                       0x00000283   Thumb Code     0  startup.o(RESET)
    GPIOPortP2_Handler                       0x00000283   Thumb Code     0  startup.o(RESET)
    GPIOPortP3_Handler                       0x00000283   Thumb Code     0  startup.o(RESET)
    GPIOPortP4_Handler                       0x00000283   Thumb Code     0  startup.o(RESET)
    GPIOPortP5_Handler                       0x00000283   Thumb Code     0  startup.o(RESET)
    GPIOPortP6_Handler                       0x00000283   Thumb Code     0  startup.o(RESET)
    GPIOPortP7_Handler                       0x00000283   Thumb Code     0  startup.o(RESET)
    GPIOPortP_Handler                        0x00000283   Thumb Code     0  startup.o(RESET)
    GPIOPortQ1_Handler                       0x00000283   Thumb Code     0  startup.o(RESET)
    GPIOPortQ2_Handler                       0x00000283   Thumb Code     0  startup.o(RESET)
    GPIOPortQ3_Handler                       0x00000283   Thumb Code     0  startup.o(RESET)
    GPIOPortQ4_Handler                       0x00000283   Thumb Code     0  startup.o(RESET)
    GPIOPortQ5_Handler                       0x00000283   Thumb Code     0  startup.o(RESET)
    GPIOPortQ6_Handler                       0x00000283   Thumb Code     0  startup.o(RESET)
    GPIOPortQ7_Handler                       0x00000283   Thumb Code     0  startup.o(RESET)
    GPIOPortQ_Handler                        0x00000283   Thumb Code     0  startup.o(RESET)
    GPIOPortR_Handler                        0x00000283   Thumb Code     0  startup.o(RESET)
    GPIOPortS_Handler                        0x00000283   Thumb Code     0  startup.o(RESET)
    Hibernate_Handler                        0x00000283   Thumb Code     0  startup.o(RESET)
    I2C0_Handler                             0x00000283   Thumb Code     0  startup.o(RESET)
    I2C1_Handler                             0x00000283   Thumb Code     0  startup.o(RESET)
    I2C2_Handler                             0x00000283   Thumb Code     0  startup.o(RESET)
    I2C3_Handler                             0x00000283   Thumb Code     0  startup.o(RESET)
    I2C4_Handler                             0x00000283   Thumb Code     0  startup.o(RESET)
    I2C5_Handler                             0x00000283   Thumb Code     0  startup.o(RESET)
    I2S0_Handler                             0x00000283   Thumb Code     0  startup.o(RESET)
    LPC0_Handler                             0x00000283   Thumb Code     0  startup.o(RESET)
    PECI0_Handler                            0x00000283   Thumb Code     0  startup.o(RESET)
    PWM0Fault_Handler                        0x00000283   Thumb Code     0  startup.o(RESET)
    PWM0Generator0_Handler                   0x00000283   Thumb Code     0  startup.o(RESET)
    PWM0Generator1_Handler                   0x00000283   Thumb Code     0  startup.o(RESET)
    PWM0Generator2_Handler                   0x00000283   Thumb Code     0  startup.o(RESET)
    PWM0Generator3_Handler                   0x00000283   Thumb Code     0  startup.o(RESET)
    PWM1Fault_Handler                        0x00000283   Thumb Code     0  startup.o(RESET)
    PWM1Generator0_Handler                   0x00000283   Thumb Code     0  startup.o(RESET)
    PWM1Generator1_Handler                   0x00000283   Thumb Code     0  startup.o(RESET)
    PWM1Generator2_Handler                   0x00000283   Thumb Code     0  startup.o(RESET)
    PWM1Generator3_Handler                   0x00000283   Thumb Code     0  startup.o(RESET)
    Quadrature0_Handler                      0x00000283   Thumb Code     0  startup.o(RESET)
    Quadrature1_Handler                      0x00000283   Thumb Code     0  startup.o(RESET)
    Quadrature2_Handler                      0x00000283   Thumb Code     0  startup.o(RESET)
    SSI0_Handler                             0x00000283   Thumb Code     0  startup.o(RESET)
    SSI1_Handler                             0x00000283   Thumb Code     0  startup.o(RESET)
    SSI2_Handler                             0x00000283   Thumb Code     0  startup.o(RESET)
    SSI3_Handler                             0x00000283   Thumb Code     0  startup.o(RESET)
    SysCtl_Handler                           0x00000283   Thumb Code     0  startup.o(RESET)
    Timer0B_Handler                          0x00000283   Thumb Code     0  startup.o(RESET)
    Timer1B_Handler                          0x00000283   Thumb Code     0  startup.o(RESET)
    Timer2B_Handler                          0x00000283   Thumb Code     0  startup.o(RESET)
    Timer3B_Handler                          0x00000283   Thumb Code     0  startup.o(RESET)
    Timer4B_Handler                          0x00000283   Thumb Code     0  startup.o(RESET)
    Timer5A_Handler                          0x00000283   Thumb Code     0  startup.o(RESET)
    Timer5B_Handler                          0x00000283   Thumb Code     0  startup.o(RESET)
    UART1_Handler                            0x00000283   Thumb Code     0  startup.o(RESET)
    UART2_Handler                            0x00000283   Thumb Code     0  startup.o(RESET)
    UART3_Handler                            0x00000283   Thumb Code     0  startup.o(RESET)
    UART4_Handler                            0x00000283   Thumb Code     0  startup.o(RESET)
    UART6_Handler                            0x00000283   Thumb Code     0  startup.o(RESET)
    UART7_Handler                            0x00000283   Thumb Code     0  startup.o(RESET)
    USB0_Handler                             0x00000283   Thumb Code     0  startup.o(RESET)
    WDT_Handler                              0x00000283   Thumb Code     0  startup.o(RESET)
    WideTimer0A_Handler                      0x00000283   Thumb Code     0  startup.o(RESET)
    WideTimer0B_Handler                      0x00000283   Thumb Code     0  startup.o(RESET)
    WideTimer1A_Handler                      0x00000283   Thumb Code     0  startup.o(RESET)
    WideTimer1B_Handler                      0x00000283   Thumb Code     0  startup.o(RESET)
    WideTimer2A_Handler                      0x00000283   Thumb Code     0  startup.o(RESET)
    WideTimer2B_Handler                      0x00000283   Thumb Code     0  startup.o(RESET)
    WideTimer3A_Handler                      0x00000283   Thumb Code     0  startup.o(RESET)
    WideTimer3B_Handler                      0x00000283   Thumb Code     0  startup.o(RESET)
    WideTimer4A_Handler                      0x00000283   Thumb Code     0  startup.o(RESET)
    WideTimer4B_Handler                      0x00000283   Thumb Code     0  startup.o(RESET)
    WideTimer5A_Handler                      0x00000283   Thumb Code     0  startup.o(RESET)
    WideTimer5B_Handler                      0x00000283   Thumb Code     0  startup.o(RESET)
    uDMA_Error                               0x00000283   Thumb Code     0  startup.o(RESET)
    uDMA_Handler                             0x00000283   Thumb Code     0  startup.o(RESET)
    __main                                   0x00000285   Thumb Code     0  entry.o(.ARM.Collect$$$$00000000)
    _main_stk                                0x00000285   Thumb Code     0  entry2.o(.ARM.Collect$$$$00000001)
    _main_scatterload                        0x00000289   Thumb Code     0  entry5.o(.ARM.Collect$$$$00000004)
    __main_after_scatterload                 0x0000028d   Thumb Code     0  entry5.o(.ARM.Collect$$$$00000004)
    _main_clock                              0x0000028d   Thumb Code     0  entry7b.o(.ARM.Collect$$$$00000008)
    _main_cpp_init                           0x0000028d   Thumb Code     0  entry8b.o(.ARM.Collect$$$$0000000A)
    _main_init                               0x0000028d   Thumb Code     0  entry9a.o(.ARM.Collect$$$$0000000B)
    __rt_final_cpp                           0x00000295   Thumb Code     0  entry10a.o(.ARM.Collect$$$$0000000D)
    __rt_final_exit                          0x00000295   Thumb Code     0  entry11a.o(.ARM.Collect$$$$0000000F)
    DisableInterrupts                        0x00000299   Thumb Code     0  startup.o(.text)
    EnableInterrupts                         0x0000029d   Thumb Code     0  startup.o(.text)
    StartCritical                            0x000002a1   Thumb Code     0  startup.o(.text)
    EndCritical                              0x000002a9   Thumb Code     0  startup.o(.text)
    WaitForInterrupt                         0x000002af   Thumb Code     0  startup.o(.text)
    strcpy                                   0x000002b5   Thumb Code    18  strcpy.o(.text)
    strtok                                   0x000002c9   Thumb Code    62  strtok.o(.text)
    atoi                                     0x0000030d   Thumb Code    26  atoi.o(.text)
    __aeabi_dadd                             0x00000327   Thumb Code   322  dadd.o(.text)
    __aeabi_dsub                             0x00000469   Thumb Code     6  dadd.o(.text)
    __aeabi_drsub                            0x0000046f   Thumb Code     6  dadd.o(.text)
    __aeabi_dmul                             0x00000475   Thumb Code   228  dmul.o(.text)
    __aeabi_ddiv                             0x00000559   Thumb Code   222  ddiv.o(.text)
    __aeabi_i2d                              0x00000637   Thumb Code    34  dflti.o(.text)
    __aeabi_ui2d                             0x00000659   Thumb Code    26  dfltui.o(.text)
    __aeabi_d2iz                             0x00000673   Thumb Code    62  dfixi.o(.text)
    __aeabi_d2uiz                            0x000006b1   Thumb Code    50  dfixui.o(.text)
    __aeabi_llsl                             0x000006e3   Thumb Code    30  llshl.o(.text)
    _ll_shift_l                              0x000006e3   Thumb Code     0  llshl.o(.text)
    __aeabi_llsr                             0x00000701   Thumb Code    32  llushr.o(.text)
    _ll_ushift_r                             0x00000701   Thumb Code     0  llushr.o(.text)
    __aeabi_lasr                             0x00000721   Thumb Code    36  llsshr.o(.text)
    _ll_sshift_r                             0x00000721   Thumb Code     0  llsshr.o(.text)
    strtol                                   0x00000745   Thumb Code   112  strtol.o(.text)
    __I$use$fp                               0x000007b5   Thumb Code     0  iusefp.o(.text)
    _double_round                            0x000007b5   Thumb Code    30  depilogue.o(.text)
    _double_epilogue                         0x000007d3   Thumb Code   156  depilogue.o(.text)
    __scatterload                            0x00000871   Thumb Code    28  init.o(.text)
    __scatterload_rt2                        0x00000871   Thumb Code     0  init.o(.text)
    __rt_ctype_table                         0x00000895   Thumb Code     4  ctype_o.o(.text)
    _strtoul                                 0x0000089d   Thumb Code   158  _strtoul.o(.text)
    __ARM_scalbn                             0x0000093b   Thumb Code    46  dscalb.o(.text)
    scalbn                                   0x0000093b   Thumb Code     0  dscalb.o(.text)
    _chval                                   0x00000969   Thumb Code    28  _chval.o(.text)
    __decompress                             0x00000985   Thumb Code     0  __dczerorl2.o(.text)
    __decompress1                            0x00000985   Thumb Code    86  __dczerorl2.o(.text)
    Blynk_to_TM4C                            0x000009dd   Thumb Code   940  blynk.o(i.Blynk_to_TM4C)
    Buttons_Disable                          0x00000dfd   Thumb Code    26  buttons.o(i.Buttons_Disable)
    Buttons_Init                             0x00000e21   Thumb Code    20  buttons.o(i.Buttons_Init)
    ChangeMenu                               0x00000e35   Thumb Code    52  lab3.o(i.ChangeMenu)
    Clock_AlarmShutoff                       0x00000e6d   Thumb Code    28  clock.o(i.Clock_AlarmShutoff)
    Clock_AlarmSnooze                        0x00000e8d   Thumb Code   100  clock.o(i.Clock_AlarmSnooze)
    Clock_Continue                           0x00000f05   Thumb Code     8  clock.o(i.Clock_Continue)
    Clock_Init                               0x00000f11   Thumb Code    58  clock.o(i.Clock_Init)
    Clock_Pause                              0x00000f69   Thumb Code     8  clock.o(i.Clock_Pause)
    Clock_ShowClock                          0x00000f75   Thumb Code   732  clock.o(i.Clock_ShowClock)
    Clock_ShowMenu1                          0x00001291   Thumb Code   170  clock.o(i.Clock_ShowMenu1)
    Clock_ShowMenu2                          0x00001381   Thumb Code   206  clock.o(i.Clock_ShowMenu2)
    Clock_ShowMenu3                          0x000014b1   Thumb Code    90  clock.o(i.Clock_ShowMenu3)
    Clock_UpdateClock                        0x0000153d   Thumb Code   608  clock.o(i.Clock_UpdateClock)
    Clock_UpdateMenu1                        0x000017d9   Thumb Code   566  clock.o(i.Clock_UpdateMenu1)
    Clock_UpdateMenu2                        0x00001a39   Thumb Code  1116  clock.o(i.Clock_UpdateMenu2)
    Debounce_Init                            0x00001e9d   Thumb Code    22  buttons.o(i.Debounce_Init)
    Delay1ms                                 0x00001eb9   Thumb Code    32  st7735.o(i.Delay1ms)
    DelayMs                                  0x00001ed9   Thumb Code    32  esp8266.o(i.DelayMs)
    ESP8266_GetMessage                       0x00001ef9   Thumb Code    66  esp8266.o(i.ESP8266_GetMessage)
    ESP8266_Init                             0x00001f49   Thumb Code   120  esp8266.o(i.ESP8266_Init)
    ESP8266_OutChar                          0x00001fd1   Thumb Code    46  esp8266.o(i.ESP8266_OutChar)
    ESP8266_OutString                        0x00002005   Thumb Code    24  esp8266.o(i.ESP8266_OutString)
    ESP8266_OutUDec                          0x0000201d   Thumb Code    42  esp8266.o(i.ESP8266_OutUDec)
    ESP8266_Reset                            0x00002049   Thumb Code    68  esp8266.o(i.ESP8266_Reset)
    ESP8266_SetupWiFi                        0x00002141   Thumb Code   182  esp8266.o(i.ESP8266_SetupWiFi)
    GPIOPortC_Handler                        0x0000232d   Thumb Code    12  buttons.o(i.GPIOPortC_Handler)
    GPIOPortF_Handler                        0x00002339   Thumb Code    12  buttons.o(i.GPIOPortF_Handler)
    Lab3_main                                0x00002345   Thumb Code   282  lab3.o(i.Lab3_main)
    PLL_Init                                 0x00002479   Thumb Code   120  pll.o(i.PLL_Init)
    PortB_Init                               0x000024f5   Thumb Code   100  speaker.o(i.PortB_Init)
    PortC_Init                               0x00002569   Thumb Code   188  buttons.o(i.PortC_Init)
    PortF_Init                               0x0000263d   Thumb Code   216  buttons.o(i.PortF_Init)
    Rx5Fifo_Init                             0x00002735   Thumb Code    30  esp8266.o(i.Rx5Fifo_Init)
    Rx5Fifo_Put                              0x00002761   Thumb Code   192  esp8266.o(i.Rx5Fifo_Put)
    Rx5Fifo_Size                             0x00002831   Thumb Code    12  esp8266.o(i.Rx5Fifo_Size)
    RxFifo_Init                              0x00002845   Thumb Code    26  uart.o(i.RxFifo_Init)
    RxFifo_Put                               0x00002869   Thumb Code    48  uart.o(i.RxFifo_Put)
    RxFifo_Size                              0x000028a5   Thumb Code    12  uart.o(i.RxFifo_Size)
    ST7735_DrawCharS                         0x000028b9   Thumb Code   236  st7735.o(i.ST7735_DrawCharS)
    ST7735_DrawPixel                         0x000029b1   Thumb Code    68  st7735.o(i.ST7735_DrawPixel)
    ST7735_DrawString                        0x000029fd   Thumb Code    86  st7735.o(i.ST7735_DrawString)
    ST7735_DrawStringBG                      0x00002a53   Thumb Code    88  st7735.o(i.ST7735_DrawStringBG)
    ST7735_FillRect                          0x00002aad   Thumb Code   168  st7735.o(i.ST7735_FillRect)
    ST7735_FillScreen                        0x00002b5d   Thumb Code    28  st7735.o(i.ST7735_FillScreen)
    ST7735_InitR                             0x00002b81   Thumb Code    90  st7735.o(i.ST7735_InitR)
    ST7735_Line                              0x00002bfd   Thumb Code   126  st7735.o(i.ST7735_Line)
    ST7735_OutChar                           0x00002c7d   Thumb Code   194  st7735.o(i.ST7735_OutChar)
    ST7735_OutString                         0x00002d69   Thumb Code    24  st7735.o(i.ST7735_OutString)
    ST7735_OutUDec                           0x00002d81   Thumb Code   118  st7735.o(i.ST7735_OutUDec)
    ST7735_OutUDec2                          0x00002e0d   Thumb Code   130  st7735.o(i.ST7735_OutUDec2)
    ST7735_SetBGColor                        0x00002ea9   Thumb Code     6  st7735.o(i.ST7735_SetBGColor)
    ST7735_SetCursor                         0x00002eb5   Thumb Code    22  st7735.o(i.ST7735_SetCursor)
    ST7735_SetTextColor                      0x00002ed5   Thumb Code     6  st7735.o(i.ST7735_SetTextColor)
    SendInformation                          0x00002ee1   Thumb Code   104  blynk.o(i.SendInformation)
    Speaker_Disable                          0x00002f59   Thumb Code    10  speaker.o(i.Speaker_Disable)
    Speaker_Enable                           0x00002f69   Thumb Code    10  speaker.o(i.Speaker_Enable)
    Speaker_Init                             0x00002f79   Thumb Code    18  speaker.o(i.Speaker_Init)
    TM4C_to_Blynk                            0x00002f91   Thumb Code    50  blynk.o(i.TM4C_to_Blynk)
    Timer0A_Handler                          0x00002fcd   Thumb Code    20  speaker.o(i.Timer0A_Handler)
    Timer0_Init_500Hz                        0x00002fe9   Thumb Code    98  speaker.o(i.Timer0_Init_500Hz)
    Timer1A_Handler                          0x00003061   Thumb Code   200  clock.o(i.Timer1A_Handler)
    Timer1_Init                              0x0000315d   Thumb Code    98  clock.o(i.Timer1_Init)
    Timer2A_Handler                          0x000031d5   Thumb Code    16  timer2.o(i.Timer2A_Handler)
    Timer2_Init                              0x000031ed   Thumb Code    74  timer2.o(i.Timer2_Init)
    Timer3A_Handler                          0x0000324d   Thumb Code    16  timer3.o(i.Timer3A_Handler)
    Timer3_Init                              0x00003265   Thumb Code    72  timer3.o(i.Timer3_Init)
    Timer4A_Handler                          0x000032c1   Thumb Code   152  buttons.o(i.Timer4A_Handler)
    Tx5Fifo_Get                              0x000033cd   Thumb Code    44  esp8266.o(i.Tx5Fifo_Get)
    Tx5Fifo_Init                             0x00003405   Thumb Code    26  esp8266.o(i.Tx5Fifo_Init)
    Tx5Fifo_Put                              0x00003429   Thumb Code    46  esp8266.o(i.Tx5Fifo_Put)
    Tx5Fifo_Size                             0x00003465   Thumb Code    12  esp8266.o(i.Tx5Fifo_Size)
    TxFifo_Get                               0x00003479   Thumb Code    46  uart.o(i.TxFifo_Get)
    TxFifo_Init                              0x000034b5   Thumb Code    26  uart.o(i.TxFifo_Init)
    TxFifo_Put                               0x000034d9   Thumb Code    48  uart.o(i.TxFifo_Put)
    TxFifo_Size                              0x00003515   Thumb Code    12  uart.o(i.TxFifo_Size)
    UART0_Handler                            0x00003529   Thumb Code    82  uart.o(i.UART0_Handler)
    UART5_Handler                            0x00003581   Thumb Code    82  esp8266.o(i.UART5_Handler)
    UART5_Init                               0x000035d9   Thumb Code   190  esp8266.o(i.UART5_Init)
    UART_Init                                0x000036b1   Thumb Code   180  uart.o(i.UART_Init)
    UART_OutChar                             0x0000377d   Thumb Code    46  uart.o(i.UART_OutChar)
    UART_OutString                           0x000037b1   Thumb Code    24  uart.o(i.UART_OutString)
    __ARM_fpclassify                         0x000037c9   Thumb Code    40  fpclassify.o(i.__ARM_fpclassify)
    __aeabi_errno_addr                       0x000037f1   Thumb Code     4  errno.o(i.__aeabi_errno_addr)
    __rt_errno_addr                          0x000037f1   Thumb Code     0  errno.o(i.__aeabi_errno_addr)
    __ieee754_rem_pio2                       0x000037f9   Thumb Code   828  rred.o(i.__ieee754_rem_pio2)
    __kernel_cos                             0x00003b81   Thumb Code   230  cos_i.o(i.__kernel_cos)
    __kernel_poly                            0x00003c7d   Thumb Code   170  poly.o(i.__kernel_poly)
    __kernel_sin                             0x00003d29   Thumb Code   224  sin_i.o(i.__kernel_sin)
    __mathlib_dbl_infnan                     0x00003e15   Thumb Code     6  dunder.o(i.__mathlib_dbl_infnan)
    __mathlib_dbl_invalid                    0x00003e1b   Thumb Code    12  dunder.o(i.__mathlib_dbl_invalid)
    __mathlib_dbl_underflow                  0x00003e29   Thumb Code    10  dunder.o(i.__mathlib_dbl_underflow)
    __scatterload_copy                       0x00003e39   Thumb Code    14  handlers.o(i.__scatterload_copy)
    __scatterload_null                       0x00003e47   Thumb Code     2  handlers.o(i.__scatterload_null)
    __scatterload_zeroinit                   0x00003e49   Thumb Code    14  handlers.o(i.__scatterload_zeroinit)
    __set_errno                              0x00003e59   Thumb Code     6  errno.o(i.__set_errno)
    cos                                      0x000040ed   Thumb Code   148  cos.o(i.cos)
    fillmessage                              0x000041a5   Thumb Code    64  st7735.o(i.fillmessage)
    fillmessage2                             0x000041ed   Thumb Code    42  st7735.o(i.fillmessage2)
    main                                     0x00004221   Thumb Code    60  blynk.o(i.main)
    plotLineX                                0x0000428d   Thumb Code   166  st7735.o(i.plotLineX)
    plotLineY                                0x00004333   Thumb Code   164  st7735.o(i.plotLineY)
    sin                                      0x0000445d   Thumb Code   150  sin.o(i.sin)
    toHour                                   0x000044fd   Thumb Code    12  clock.o(i.toHour)
    toMinute                                 0x00004509   Thumb Code    22  clock.o(i.toMinute)
    toSecond                                 0x0000451f   Thumb Code    14  clock.o(i.toSecond)
    smallCircle                              0x00004b6a   Data          36  st7735.o(.constdata)
    circle                                   0x00004b8e   Data          60  st7735.o(.constdata)
    dBfs                                     0x00004bca   Data         512  st7735.o(.constdata)
    __ctype_table                            0x00004ef0   Data         129  ctype_o.o(.constdata)
    Region$$Table$$Base                      0x00004f78   Number         0  anon$$obj.o(Region$$Table)
    Region$$Table$$Limit                     0x00004f98   Number         0  anon$$obj.o(Region$$Table)
    RxPutI                                   0x20000000   Data           4  uart.o(.data)
    RxGetI                                   0x20000004   Data           4  uart.o(.data)
    TxPutI                                   0x20000008   Data           4  uart.o(.data)
    TxGetI                                   0x2000000c   Data           4  uart.o(.data)
    LastH                                    0x20000010   Data           4  blynk.o(.data)
    LastM                                    0x20000014   Data           4  blynk.o(.data)
    LastS                                    0x20000018   Data           4  blynk.o(.data)
    Pin_Number                               0x2000001c   Data           2  blynk.o(.data)
    Pin_Integer                              0x2000001e   Data           8  blynk.o(.data)
    Pin_Float                                0x20000026   Data           8  blynk.o(.data)
    pin_num                                  0x20000030   Data           4  blynk.o(.data)
    pin_int                                  0x20000034   Data           4  blynk.o(.data)
    hour                                     0x20000038   Data           4  blynk.o(.data)
    minute                                   0x2000003c   Data           4  blynk.o(.data)
    second                                   0x20000040   Data           4  blynk.o(.data)
    time                                     0x20000044   Data           4  blynk.o(.data)
    menuPress_flag                           0x20000048   Data           1  blynk.o(.data)
    backPress_flag                           0x20000049   Data           1  blynk.o(.data)
    directionalPress_flag                    0x2000004a   Data           1  blynk.o(.data)
    press_flag                               0x2000004b   Data           1  blynk.o(.data)
    currentMenu                              0x2000004c   Data           1  blynk.o(.data)
    timeout                                  0x20000050   Data           4  blynk.o(.data)
    timeout_flag                             0x20000054   Data           1  blynk.o(.data)
    StX                                      0x20000058   Data           4  st7735.o(.data)
    StY                                      0x2000005c   Data           4  st7735.o(.data)
    StTextColor                              0x20000060   Data           2  st7735.o(.data)
    BgTextColor                              0x20000062   Data           2  st7735.o(.data)
    Messageindex                             0x2000006c   Data           4  st7735.o(.data)
    Ymax                                     0x20000070   Data           4  st7735.o(.data)
    Ymin                                     0x20000074   Data           4  st7735.o(.data)
    X                                        0x20000078   Data           4  st7735.o(.data)
    Yrange                                   0x2000007c   Data           4  st7735.o(.data)
    lastj                                    0x20000080   Data           4  st7735.o(.data)
    PeriodicTask2                            0x20000084   Data           4  timer2.o(.data)
    PeriodicTask3                            0x20000088   Data           4  timer3.o(.data)
    ssid                                     0x2000008c   Data          32  esp8266.o(.data)
    pass                                     0x200000ac   Data          32  esp8266.o(.data)
    auth                                     0x200000cc   Data          64  esp8266.o(.data)
    Rx5PutI                                  0x2000010c   Data           4  esp8266.o(.data)
    Rx5PutJ                                  0x20000110   Data           4  esp8266.o(.data)
    Rx5GetI                                  0x20000114   Data           4  esp8266.o(.data)
    Tx5PutI                                  0x20000118   Data           4  esp8266.o(.data)
    Tx5GetI                                  0x2000011c   Data           4  esp8266.o(.data)
    serial_buf                               0x200001c4   Data          64  blynk.o(.bss)
    Message                                  0x20000204   Data          12  st7735.o(.bss)
    Rx5Fifo                                  0x20000220   Data         512  esp8266.o(.bss)
    RxMessage                                0x20000420   Data          64  esp8266.o(.bss)
    __initial_sp                             0x20000980   Data           0  startup.o(STACK)



==============================================================================

Memory Map of the image

  Image Entry point : 0x0000026d

  Load Region LR_1 (Base: 0x00000000, Size: 0x000050dc, Max: 0xffffffff, ABSOLUTE, COMPRESSED[0x00004ff4])

    Execution Region ER_RO (Exec base: 0x00000000, Load base: 0x00000000, Size: 0x00004f98, Max: 0xffffffff, ABSOLUTE)

    Exec Addr    Load Addr    Size         Type   Attr      Idx    E Section Name        Object

    0x00000000   0x00000000   0x00000284   Code   RO            3  * RESET               startup.o
    0x00000284   0x00000284   0x00000000   Code   RO         1100  * .ARM.Collect$$$$00000000  mc_w.l(entry.o)
    0x00000284   0x00000284   0x00000004   Code   RO         1155    .ARM.Collect$$$$00000001  mc_w.l(entry2.o)
    0x00000288   0x00000288   0x00000004   Code   RO         1158    .ARM.Collect$$$$00000004  mc_w.l(entry5.o)
    0x0000028c   0x0000028c   0x00000000   Code   RO         1160    .ARM.Collect$$$$00000008  mc_w.l(entry7b.o)
    0x0000028c   0x0000028c   0x00000000   Code   RO         1162    .ARM.Collect$$$$0000000A  mc_w.l(entry8b.o)
    0x0000028c   0x0000028c   0x00000008   Code   RO         1163    .ARM.Collect$$$$0000000B  mc_w.l(entry9a.o)
    0x00000294   0x00000294   0x00000000   Code   RO         1165    .ARM.Collect$$$$0000000D  mc_w.l(entry10a.o)
    0x00000294   0x00000294   0x00000000   Code   RO         1167    .ARM.Collect$$$$0000000F  mc_w.l(entry11a.o)
    0x00000294   0x00000294   0x00000004   Code   RO         1156    .ARM.Collect$$$$00002712  mc_w.l(entry2.o)
    0x00000298   0x00000298   0x0000001c   Code   RO            4    .text               startup.o
    0x000002b4   0x000002b4   0x00000012   Code   RO         1103    .text               mc_w.l(strcpy.o)
    0x000002c6   0x000002c6   0x00000002   PAD
    0x000002c8   0x000002c8   0x00000044   Code   RO         1105    .text               mc_w.l(strtok.o)
    0x0000030c   0x0000030c   0x0000001a   Code   RO         1111    .text               mc_w.l(atoi.o)
    0x00000326   0x00000326   0x0000014e   Code   RO         1113    .text               mf_w.l(dadd.o)
    0x00000474   0x00000474   0x000000e4   Code   RO         1115    .text               mf_w.l(dmul.o)
    0x00000558   0x00000558   0x000000de   Code   RO         1117    .text               mf_w.l(ddiv.o)
    0x00000636   0x00000636   0x00000022   Code   RO         1119    .text               mf_w.l(dflti.o)
    0x00000658   0x00000658   0x0000001a   Code   RO         1121    .text               mf_w.l(dfltui.o)
    0x00000672   0x00000672   0x0000003e   Code   RO         1123    .text               mf_w.l(dfixi.o)
    0x000006b0   0x000006b0   0x00000032   Code   RO         1125    .text               mf_w.l(dfixui.o)
    0x000006e2   0x000006e2   0x0000001e   Code   RO         1169    .text               mc_w.l(llshl.o)
    0x00000700   0x00000700   0x00000020   Code   RO         1171    .text               mc_w.l(llushr.o)
    0x00000720   0x00000720   0x00000024   Code   RO         1173    .text               mc_w.l(llsshr.o)
    0x00000744   0x00000744   0x00000070   Code   RO         1182    .text               mc_w.l(strtol.o)
    0x000007b4   0x000007b4   0x00000000   Code   RO         1184    .text               mc_w.l(iusefp.o)
    0x000007b4   0x000007b4   0x000000ba   Code   RO         1185    .text               mf_w.l(depilogue.o)
    0x0000086e   0x0000086e   0x00000002   PAD
    0x00000870   0x00000870   0x00000024   Code   RO         1191    .text               mc_w.l(init.o)
    0x00000894   0x00000894   0x00000008   Code   RO         1193    .text               mc_w.l(ctype_o.o)
    0x0000089c   0x0000089c   0x0000009e   Code   RO         1221    .text               mc_w.l(_strtoul.o)
    0x0000093a   0x0000093a   0x0000002e   Code   RO         1223    .text               mf_w.l(dscalb.o)
    0x00000968   0x00000968   0x0000001c   Code   RO         1225    .text               mc_w.l(_chval.o)
    0x00000984   0x00000984   0x00000056   Code   RO         1235    .text               mc_w.l(__dczerorl2.o)
    0x000009da   0x000009da   0x00000002   PAD
    0x000009dc   0x000009dc   0x00000420   Code   RO          171    i.Blynk_to_TM4C     blynk.o
    0x00000dfc   0x00000dfc   0x00000024   Code   RO          806    i.Buttons_Disable   buttons.o
    0x00000e20   0x00000e20   0x00000014   Code   RO          808    i.Buttons_Init      buttons.o
    0x00000e34   0x00000e34   0x00000038   Code   RO         1048    i.ChangeMenu        lab3.o
    0x00000e6c   0x00000e6c   0x00000020   Code   RO          887    i.Clock_AlarmShutoff  clock.o
    0x00000e8c   0x00000e8c   0x00000078   Code   RO          888    i.Clock_AlarmSnooze  clock.o
    0x00000f04   0x00000f04   0x0000000c   Code   RO          889    i.Clock_Continue    clock.o
    0x00000f10   0x00000f10   0x00000058   Code   RO          890    i.Clock_Init        clock.o
    0x00000f68   0x00000f68   0x0000000c   Code   RO          891    i.Clock_Pause       clock.o
    0x00000f74   0x00000f74   0x0000031c   Code   RO          892    i.Clock_ShowClock   clock.o
    0x00001290   0x00001290   0x000000f0   Code   RO          893    i.Clock_ShowMenu1   clock.o
    0x00001380   0x00001380   0x00000130   Code   RO          894    i.Clock_ShowMenu2   clock.o
    0x000014b0   0x000014b0   0x0000008c   Code   RO          895    i.Clock_ShowMenu3   clock.o
    0x0000153c   0x0000153c   0x0000029c   Code   RO          896    i.Clock_UpdateClock  clock.o
    0x000017d8   0x000017d8   0x00000260   Code   RO          897    i.Clock_UpdateMenu1  clock.o
    0x00001a38   0x00001a38   0x00000464   Code   RO          898    i.Clock_UpdateMenu2  clock.o
    0x00001e9c   0x00001e9c   0x0000001c   Code   RO          809    i.Debounce_Init     buttons.o
    0x00001eb8   0x00001eb8   0x00000020   Code   RO          247    i.Delay1ms          st7735.o
    0x00001ed8   0x00001ed8   0x00000020   Code   RO          678    i.DelayMs           esp8266.o
    0x00001ef8   0x00001ef8   0x00000050   Code   RO          680    i.ESP8266_GetMessage  esp8266.o
    0x00001f48   0x00001f48   0x00000088   Code   RO          681    i.ESP8266_Init      esp8266.o
    0x00001fd0   0x00001fd0   0x00000034   Code   RO          682    i.ESP8266_OutChar   esp8266.o
    0x00002004   0x00002004   0x00000018   Code   RO          683    i.ESP8266_OutString  esp8266.o
    0x0000201c   0x0000201c   0x0000002a   Code   RO          684    i.ESP8266_OutUDec   esp8266.o
    0x00002046   0x00002046   0x00000002   PAD
    0x00002048   0x00002048   0x000000f8   Code   RO          685    i.ESP8266_Reset     esp8266.o
    0x00002140   0x00002140   0x00000178   Code   RO          686    i.ESP8266_SetupWiFi  esp8266.o
    0x000022b8   0x000022b8   0x00000074   Code   RO          810    i.GPIOArm           buttons.o
    0x0000232c   0x0000232c   0x0000000c   Code   RO          811    i.GPIOPortC_Handler  buttons.o
    0x00002338   0x00002338   0x0000000c   Code   RO          812    i.GPIOPortF_Handler  buttons.o
    0x00002344   0x00002344   0x00000134   Code   RO         1049    i.Lab3_main         lab3.o
    0x00002478   0x00002478   0x0000007c   Code   RO           12    i.PLL_Init          pll.o
    0x000024f4   0x000024f4   0x00000074   Code   RO         1006    i.PortB_Init        speaker.o
    0x00002568   0x00002568   0x000000d4   Code   RO          813    i.PortC_Init        buttons.o
    0x0000263c   0x0000263c   0x000000f8   Code   RO          814    i.PortF_Init        buttons.o
    0x00002734   0x00002734   0x0000002c   Code   RO          687    i.Rx5Fifo_Init      esp8266.o
    0x00002760   0x00002760   0x000000d0   Code   RO          688    i.Rx5Fifo_Put       esp8266.o
    0x00002830   0x00002830   0x00000014   Code   RO          689    i.Rx5Fifo_Size      esp8266.o
    0x00002844   0x00002844   0x00000024   Code   RO           35    i.RxFifo_Init       uart.o
    0x00002868   0x00002868   0x0000003c   Code   RO           36    i.RxFifo_Put        uart.o
    0x000028a4   0x000028a4   0x00000014   Code   RO           37    i.RxFifo_Size       uart.o
    0x000028b8   0x000028b8   0x000000f8   Code   RO          256    i.ST7735_DrawCharS  st7735.o
    0x000029b0   0x000029b0   0x0000004c   Code   RO          260    i.ST7735_DrawPixel  st7735.o
    0x000029fc   0x000029fc   0x00000056   Code   RO          262    i.ST7735_DrawString  st7735.o
    0x00002a52   0x00002a52   0x00000058   Code   RO          263    i.ST7735_DrawStringBG  st7735.o
    0x00002aaa   0x00002aaa   0x00000002   PAD
    0x00002aac   0x00002aac   0x000000b0   Code   RO          264    i.ST7735_FillRect   st7735.o
    0x00002b5c   0x00002b5c   0x00000024   Code   RO          265    i.ST7735_FillScreen  st7735.o
    0x00002b80   0x00002b80   0x0000007c   Code   RO          267    i.ST7735_InitR      st7735.o
    0x00002bfc   0x00002bfc   0x0000007e   Code   RO          269    i.ST7735_Line       st7735.o
    0x00002c7a   0x00002c7a   0x00000002   PAD
    0x00002c7c   0x00002c7c   0x000000ec   Code   RO          270    i.ST7735_OutChar    st7735.o
    0x00002d68   0x00002d68   0x00000018   Code   RO          271    i.ST7735_OutString  st7735.o
    0x00002d80   0x00002d80   0x0000008c   Code   RO          272    i.ST7735_OutUDec    st7735.o
    0x00002e0c   0x00002e0c   0x0000009c   Code   RO          273    i.ST7735_OutUDec2   st7735.o
    0x00002ea8   0x00002ea8   0x0000000c   Code   RO          284    i.ST7735_SetBGColor  st7735.o
    0x00002eb4   0x00002eb4   0x00000020   Code   RO          285    i.ST7735_SetCursor  st7735.o
    0x00002ed4   0x00002ed4   0x0000000c   Code   RO          287    i.ST7735_SetTextColor  st7735.o
    0x00002ee0   0x00002ee0   0x00000078   Code   RO          172    i.SendInformation   blynk.o
    0x00002f58   0x00002f58   0x00000010   Code   RO         1007    i.Speaker_Disable   speaker.o
    0x00002f68   0x00002f68   0x00000010   Code   RO         1008    i.Speaker_Enable    speaker.o
    0x00002f78   0x00002f78   0x00000018   Code   RO         1009    i.Speaker_Init      speaker.o
    0x00002f90   0x00002f90   0x0000003c   Code   RO          173    i.TM4C_to_Blynk     blynk.o
    0x00002fcc   0x00002fcc   0x0000001c   Code   RO         1010    i.Timer0A_Handler   speaker.o
    0x00002fe8   0x00002fe8   0x00000078   Code   RO         1011    i.Timer0_Init_500Hz  speaker.o
    0x00003060   0x00003060   0x000000fc   Code   RO          899    i.Timer1A_Handler   clock.o
    0x0000315c   0x0000315c   0x00000078   Code   RO          900    i.Timer1_Init       clock.o
    0x000031d4   0x000031d4   0x00000018   Code   RO          636    i.Timer2A_Handler   timer2.o
    0x000031ec   0x000031ec   0x00000060   Code   RO          637    i.Timer2_Init       timer2.o
    0x0000324c   0x0000324c   0x00000018   Code   RO          657    i.Timer3A_Handler   timer3.o
    0x00003264   0x00003264   0x0000005c   Code   RO          658    i.Timer3_Init       timer3.o
    0x000032c0   0x000032c0   0x000000b4   Code   RO          815    i.Timer4A_Handler   buttons.o
    0x00003374   0x00003374   0x00000058   Code   RO          816    i.Timer4Arm         buttons.o
    0x000033cc   0x000033cc   0x00000038   Code   RO          690    i.Tx5Fifo_Get       esp8266.o
    0x00003404   0x00003404   0x00000024   Code   RO          691    i.Tx5Fifo_Init      esp8266.o
    0x00003428   0x00003428   0x0000003c   Code   RO          692    i.Tx5Fifo_Put       esp8266.o
    0x00003464   0x00003464   0x00000014   Code   RO          693    i.Tx5Fifo_Size      esp8266.o
    0x00003478   0x00003478   0x0000003c   Code   RO           38    i.TxFifo_Get        uart.o
    0x000034b4   0x000034b4   0x00000024   Code   RO           39    i.TxFifo_Init       uart.o
    0x000034d8   0x000034d8   0x0000003c   Code   RO           40    i.TxFifo_Put        uart.o
    0x00003514   0x00003514   0x00000014   Code   RO           41    i.TxFifo_Size       uart.o
    0x00003528   0x00003528   0x00000058   Code   RO           42    i.UART0_Handler     uart.o
    0x00003580   0x00003580   0x00000058   Code   RO          694    i.UART5_Handler     esp8266.o
    0x000035d8   0x000035d8   0x000000d8   Code   RO          695    i.UART5_Init        esp8266.o
    0x000036b0   0x000036b0   0x000000cc   Code   RO           48    i.UART_Init         uart.o
    0x0000377c   0x0000377c   0x00000034   Code   RO           49    i.UART_OutChar      uart.o
    0x000037b0   0x000037b0   0x00000018   Code   RO           50    i.UART_OutString    uart.o
    0x000037c8   0x000037c8   0x00000028   Code   RO         1187    i.__ARM_fpclassify  m_ws.l(fpclassify.o)
    0x000037f0   0x000037f0   0x00000008   Code   RO         1175    i.__aeabi_errno_addr  mc_w.l(errno.o)
    0x000037f8   0x000037f8   0x00000388   Code   RO         1144    i.__ieee754_rem_pio2  m_ws.l(rred.o)
    0x00003b80   0x00003b80   0x000000fc   Code   RO         1127    i.__kernel_cos      m_ws.l(cos_i.o)
    0x00003c7c   0x00003c7c   0x000000aa   Code   RO         1189    i.__kernel_poly     m_ws.l(poly.o)
    0x00003d26   0x00003d26   0x00000002   PAD
    0x00003d28   0x00003d28   0x000000ec   Code   RO         1149    i.__kernel_sin      m_ws.l(sin_i.o)
    0x00003e14   0x00003e14   0x00000006   Code   RO         1131    i.__mathlib_dbl_infnan  m_ws.l(dunder.o)
    0x00003e1a   0x00003e1a   0x0000000c   Code   RO         1133    i.__mathlib_dbl_invalid  m_ws.l(dunder.o)
    0x00003e26   0x00003e26   0x00000002   PAD
    0x00003e28   0x00003e28   0x00000010   Code   RO         1136    i.__mathlib_dbl_underflow  m_ws.l(dunder.o)
    0x00003e38   0x00003e38   0x0000000e   Code   RO         1229    i.__scatterload_copy  mc_w.l(handlers.o)
    0x00003e46   0x00003e46   0x00000002   Code   RO         1230    i.__scatterload_null  mc_w.l(handlers.o)
    0x00003e48   0x00003e48   0x0000000e   Code   RO         1231    i.__scatterload_zeroinit  mc_w.l(handlers.o)
    0x00003e56   0x00003e56   0x00000002   PAD
    0x00003e58   0x00003e58   0x0000000c   Code   RO         1177    i.__set_errno       mc_w.l(errno.o)
    0x00003e64   0x00003e64   0x00000056   Code   RO          294    i.commandList       st7735.o
    0x00003eba   0x00003eba   0x00000002   PAD
    0x00003ebc   0x00003ebc   0x00000188   Code   RO          295    i.commonInit        st7735.o
    0x00004044   0x00004044   0x00000028   Code   RO           53    i.copyHardwareToSoftware  uart.o
    0x0000406c   0x0000406c   0x00000028   Code   RO          696    i.copyHardwareToSoftware5  esp8266.o
    0x00004094   0x00004094   0x0000002c   Code   RO           54    i.copySoftwareToHardware  uart.o
    0x000040c0   0x000040c0   0x0000002c   Code   RO          697    i.copySoftwareToHardware5  esp8266.o
    0x000040ec   0x000040ec   0x0000009c   Code   RO         1085    i.cos               m_ws.l(cos.o)
    0x00004188   0x00004188   0x0000001c   Code   RO          296    i.deselect          st7735.o
    0x000041a4   0x000041a4   0x00000048   Code   RO          299    i.fillmessage       st7735.o
    0x000041ec   0x000041ec   0x00000034   Code   RO          300    i.fillmessage2      st7735.o
    0x00004220   0x00004220   0x0000006c   Code   RO          174    i.main              blynk.o
    0x0000428c   0x0000428c   0x000000a6   Code   RO          304    i.plotLineX         st7735.o
    0x00004332   0x00004332   0x000000a4   Code   RO          305    i.plotLineY         st7735.o
    0x000043d6   0x000043d6   0x00000012   Code   RO          306    i.pushColor         st7735.o
    0x000043e8   0x000043e8   0x00000074   Code   RO          307    i.setAddrWindow     st7735.o
    0x0000445c   0x0000445c   0x000000a0   Code   RO         1093    i.sin               m_ws.l(sin.o)
    0x000044fc   0x000044fc   0x0000000c   Code   RO          901    i.toHour            clock.o
    0x00004508   0x00004508   0x00000016   Code   RO          902    i.toMinute          clock.o
    0x0000451e   0x0000451e   0x0000000e   Code   RO          903    i.toSecond          clock.o
    0x0000452c   0x0000452c   0x00000038   Code   RO          308    i.writecommand      st7735.o
    0x00004564   0x00004564   0x00000024   Code   RO          309    i.writedata         st7735.o
    0x00004588   0x00004588   0x00000842   Data   RO          311    .constdata          st7735.o
    0x00004dca   0x00004dca   0x00000006   PAD
    0x00004dd0   0x00004dd0   0x00000030   Data   RO         1128    .constdata          m_ws.l(cos_i.o)
    0x00004e00   0x00004e00   0x000000c8   Data   RO         1146    .constdata          m_ws.l(rred.o)
    0x00004ec8   0x00004ec8   0x00000028   Data   RO         1150    .constdata          m_ws.l(sin_i.o)
    0x00004ef0   0x00004ef0   0x00000081   Data   RO         1194    .constdata          mc_w.l(ctype_o.o)
    0x00004f71   0x00004f71   0x00000003   PAD
    0x00004f74   0x00004f74   0x00000004   Data   RO         1195    .constdata          mc_w.l(ctype_o.o)
    0x00004f78   0x00004f78   0x00000020   Data   RO         1227    Region$$Table       anon$$obj.o


    Execution Region ER_RW (Exec base: 0x20000000, Load base: 0x00004f98, Size: 0x00000144, Max: 0xffffffff, ABSOLUTE, COMPRESSED[0x0000005c])

    Exec Addr    Load Addr    Size         Type   Attr      Idx    E Section Name        Object

    0x20000000   COMPRESSED   0x00000010   Data   RW           56    .data               uart.o
    0x20000010   COMPRESSED   0x00000045   Data   RW          176    .data               blynk.o
    0x20000055   COMPRESSED   0x00000003   PAD
    0x20000058   COMPRESSED   0x0000002c   Data   RW          312    .data               st7735.o
    0x20000084   COMPRESSED   0x00000004   Data   RW          638    .data               timer2.o
    0x20000088   COMPRESSED   0x00000004   Data   RW          659    .data               timer3.o
    0x2000008c   COMPRESSED   0x00000094   Data   RW          699    .data               esp8266.o
    0x20000120   COMPRESSED   0x0000001c   Data   RW          905    .data               clock.o
    0x2000013c   COMPRESSED   0x00000004   Data   RW         1106    .data               mc_w.l(strtok.o)
    0x20000140   COMPRESSED   0x00000004   Data   RW         1178    .data               mc_w.l(errno.o)


    Execution Region ER_ZI (Exec base: 0x20000144, Load base: 0x00004ff4, Size: 0x0000083c, Max: 0xffffffff, ABSOLUTE)

    Exec Addr    Load Addr    Size         Type   Attr      Idx    E Section Name        Object

    0x20000144        -       0x00000080   Zero   RW           55    .bss                uart.o
    0x200001c4        -       0x00000040   Zero   RW          175    .bss                blynk.o
    0x20000204        -       0x0000001c   Zero   RW          310    .bss                st7735.o
    0x20000220        -       0x00000340   Zero   RW          698    .bss                esp8266.o
    0x20000560        -       0x0000001e   Zero   RW          904    .bss                clock.o
    0x2000057e   0x00004ff4   0x00000002   PAD
    0x20000580        -       0x00000400   Zero   RW            1    STACK               startup.o


==============================================================================

Image component sizes


      Code (inc. data)   RO Data    RW Data    ZI Data      Debug   Object Name

      1344        190          0         69         64       5021   blynk.o
       952        134          0          0          0       4669   buttons.o
      4564        608          0         28         30      11064   clock.o
      1822        534          0        148        832      11260   esp8266.o
       364         30          0          0          0       1277   lab3.o
       124          4          0          0          0       4971   pll.o
       320         64          0          0          0       2821   speaker.o
      2790        284       2114         44         28      19583   st7735.o
       672        622          0          0       1024       1004   startup.o
       120         30          0          4          0       1480   timer2.o
       116         28          0          4          0       1480   timer3.o
       744        120          0         16        128       7409   uart.o

    ----------------------------------------------------------------------
     13940       2648       2152        316       2108      72039   Object Totals
         0          0         32          0          0          0   (incl. Generated)
         8          0          6          3          2          0   (incl. Padding)

    ----------------------------------------------------------------------

      Code (inc. data)   RO Data    RW Data    ZI Data      Debug   Library Member Name

       156          8          0          0          0        104   cos.o
       252         22         48          0          0        124   cos_i.o
        34          6          0          0          0        204   dunder.o
        40          0          0          0          0         68   fpclassify.o
       170          0          0          0          0         96   poly.o
       904         76        200          0          0        140   rred.o
       160         10          0          0          0        108   sin.o
       236         12         40          0          0        128   sin_i.o
        86          0          0          0          0          0   __dczerorl2.o
        28          0          0          0          0         68   _chval.o
       158          0          0          0          0         92   _strtoul.o
        26          0          0          0          0         80   atoi.o
         8          4        133          0          0         68   ctype_o.o
         0          0          0          0          0          0   entry.o
         0          0          0          0          0          0   entry10a.o
         0          0          0          0          0          0   entry11a.o
         8          4          0          0          0          0   entry2.o
         4          0          0          0          0          0   entry5.o
         0          0          0          0          0          0   entry7b.o
         0          0          0          0          0          0   entry8b.o
         8          4          0          0          0          0   entry9a.o
        20         10          0          4          0        136   errno.o
        30          0          0          0          0          0   handlers.o
        36          8          0          0          0         68   init.o
         0          0          0          0          0          0   iusefp.o
        30          0          0          0          0         68   llshl.o
        36          0          0          0          0         68   llsshr.o
        32          0          0          0          0         68   llushr.o
        18          0          0          0          0         68   strcpy.o
        68          6          0          4          0         80   strtok.o
       112          0          0          0          0         88   strtol.o
       334          0          0          0          0        148   dadd.o
       222          0          0          0          0        100   ddiv.o
       186          0          0          0          0        176   depilogue.o
        62          0          0          0          0         80   dfixi.o
        50          0          0          0          0         76   dfixui.o
        34          0          0          0          0         76   dflti.o
        26          0          0          0          0         76   dfltui.o
       228          0          0          0          0         96   dmul.o
        46          0          0          0          0         80   dscalb.o

    ----------------------------------------------------------------------
      3860        170        424          8          0       2832   Library Totals
        12          0          3          0          0          0   (incl. Padding)

    ----------------------------------------------------------------------

      Code (inc. data)   RO Data    RW Data    ZI Data      Debug   Library Name

      1952        134        288          0          0        972   m_ws.l
       708         36        133          8          0        952   mc_w.l
      1188          0          0          0          0        908   mf_w.l

    ----------------------------------------------------------------------
      3860        170        424          8          0       2832   Library Totals

    ----------------------------------------------------------------------

==============================================================================


      Code (inc. data)   RO Data    RW Data    ZI Data      Debug   

     17800       2818       2576        324       2108      68499   Grand Totals
     17800       2818       2576         92       2108      68499   ELF Image Totals (compressed)
     17800       2818       2576         92          0          0   ROM Totals

==============================================================================

    Total RO  Size (Code + RO Data)                20376 (  19.90kB)
    Total RW  Size (RW Data + ZI Data)              2432 (   2.38kB)
    Total ROM Size (Code + RO Data + RW Data)      20468 (  19.99kB)

==============================================================================

